hugo-setup-log.txt

Windows PowerShell
Copyright (C) Microsoft Corporation. All rights reserved.

Install the latest PowerShell for new features and improvements! https://aka.ms/PSWindows

PS C:\Users\david> hugo version
hugo v0.152.1-5869cbddd88590563c2b7b400e804ccc7d2cb697 windows/amd64 BuildDate=2025-10-22T19:10:44Z VendorInfo=gohugoio
PS C:\Users\david> hugo new site G:\Lab\.github\eyeofparadox.github.io
Error: G:\Lab\.github\eyeofparadox.github.io already exists and is not empty. See --force.
PS C:\Users\david> hugo new site G:\Lab\.github\eyeofparadox.github.io
Congratulations! Your new Hugo site was created in G:\Lab\.github\eyeofparadox.github.io.

Just a few more steps...

1. Change the current directory to G:\Lab\.github\eyeofparadox.github.io.
2. Create or install a theme:
   - Create a new theme with the command "hugo new theme <THEMENAME>"
   - Or, install a theme from https://themes.gohugo.io/
3. Edit hugo.toml, setting the "theme" property to the theme name.
4. Create new content with the command "hugo new content <SECTIONNAME>\<FILENAME>.<FORMAT>".
5. Start the embedded web server with the command "hugo server --buildDrafts".

See documentation at https://gohugo.io/.
PS C:\Users\david> cd G:\Lab\.github\eyeofparadox.github.io
PS G:\Lab\.github\eyeofparadox.github.io> git submodule add https://github.com/MeiK2333/github-style themes/github-style

fatal: not a git repository (or any of the parent directories): .git
PS G:\Lab\.github\eyeofparadox.github.io> git submodule add git@github.com:MeiK2333/github-style.git themes/github-style
fatal: not a git repository (or any of the parent directories): .git
PS G:\Lab\.github\eyeofparadox.github.io> git version
git version 2.52.0.windows.1
PS G:\Lab\.github\eyeofparadox.github.io> git init
Initialized empty Git repository in G:/Lab/.github/eyeofparadox.github.io/.git/
PS G:\Lab\.github\eyeofparadox.github.io> git remote add origin https://github.com/eyeofparadox/eyeofparadox.github.io.git
PS G:\Lab\.github\eyeofparadox.github.io> git submodule add https://github.com/MeiK2333/github-style themes/github-style
Cloning into 'G:/Lab/.github/eyeofparadox.github.io/themes/github-style'...
remote: Enumerating objects: 1176, done.
remote: Counting objects: 100% (582/582), done.
remote: Compressing objects: 100% (154/154), done.
remote: Total 1176 (delta 480), reused 428 (delta 428), pack-reused 594 (from 2)
Receiving objects: 100% (1176/1176), 2.58 MiB | 4.15 MiB/s, done.
Resolving deltas: 100% (706/706), done.
warning: in the working copy of '.gitmodules', LF will be replaced by CRLF the next time Git touches it
PS G:\Lab\.github\eyeofparadox.github.io> git add .
warning: in the working copy of '.gitmodules', LF will be replaced by CRLF the next time Git touches it
warning: in the working copy of 'archetypes/default.md', LF will be replaced by CRLF the next time Git touches it
warning: in the working copy of 'hugo.toml', LF will be replaced by CRLF the next time Git touches it
PS G:\Lab\.github\eyeofparadox.github.io> git commit -m "Initialize Hugo site with GitHub-Style theme"
[main (root-commit) daf5b4d] Initialize Hugo site with GitHub-Style theme
 4 files changed, 12 insertions(+)
 create mode 100644 .gitmodules
 create mode 100644 archetypes/default.md
 create mode 100644 hugo.toml
 create mode 160000 themes/github-style
PS G:\Lab\.github\eyeofparadox.github.io> hugo new posts/alpha.md
Content "G:\\Lab\\.github\\eyeofparadox.github.io\\content\\posts\\alpha.md" created
PS G:\Lab\.github\eyeofparadox.github.io> hugo server -D
Watching for changes in G:\Lab\.github\eyeofparadox.github.io\{archetypes,assets,content,data,i18n,layouts,static}
Watching for config changes in G:\Lab\.github\eyeofparadox.github.io\hugo.toml
Start building sites …
hugo v0.152.1-5869cbddd88590563c2b7b400e804ccc7d2cb697 windows/amd64 BuildDate=2025-10-22T19:10:44Z VendorInfo=gohugoio

WARN  found no layout file for "html" for kind "taxonomy": You should create a template file which matches Hugo Layouts Lookup Rules for this combination.
WARN  found no layout file for "html" for kind "section": You should create a template file which matches Hugo Layouts Lookup Rules for this combination.
WARN  found no layout file for "html" for kind "page": You should create a template file which matches Hugo Layouts Lookup Rules for this combination.
WARN  found no layout file for "html" for kind "home": You should create a template file which matches Hugo Layouts Lookup Rules for this combination.

                  │ EN
──────────────────┼────
 Pages            │  5
 Paginator pages  │  0
 Non-page files   │  0
 Static files     │  0
 Processed images │  0
 Aliases          │  0
 Cleaned          │  0

Built in 16 ms
Environment: "development"
Serving pages from disk
Running in Fast Render Mode. For full rebuilds on change: hugo server --disableFastRender
Web Server is available at http://localhost:1313/ (bind address 127.0.0.1)
Press Ctrl+C to stop

Change of config file detected, rebuilding site (#1).
2025-11-18 21:02:39.791 -0800
Web Server is available at http://localhost:1313/ (bind address 127.0.0.1)
Rebuilt in 242 ms
